// Jest Snapshot v1, https://goo.gl/fbAQLP

exports[`CardTable should render correctly 1`] = `
<WithStyles(ForwardRef(TableContainer))>
  <WithStyles(ForwardRef(Table))
    aria-label="card table"
    aria-labelledby="tableTitle"
    className="makeStyles-table-3"
    size="small"
  >
    <WithStyles(ForwardRef(TableHead))
      className="makeStyles-header-4"
    >
      <WithStyles(ForwardRef(TableRow))>
        <WithStyles(ForwardRef(TableCell))
          className="makeStyles-smallCell-6"
          key="number"
          sortDirection="asc"
        >
          <WithStyles(ForwardRef(TableSortLabel))
            active={true}
            direction="asc"
            onClick={[Function]}
          >
            No.
          </WithStyles(ForwardRef(TableSortLabel))>
        </WithStyles(ForwardRef(TableCell))>
        <WithStyles(ForwardRef(TableCell))
          className="makeStyles-smallCell-6"
          key="faceUrl"
          sortDirection={false}
        >
          Img
        </WithStyles(ForwardRef(TableCell))>
        <WithStyles(ForwardRef(TableCell))
          className=""
          key="name"
          sortDirection={false}
        >
          <WithStyles(ForwardRef(TableSortLabel))
            active={false}
            direction="asc"
            onClick={[Function]}
          >
            Name
          </WithStyles(ForwardRef(TableSortLabel))>
        </WithStyles(ForwardRef(TableCell))>
        <WithStyles(ForwardRef(TableCell))
          className="makeStyles-smallCell-6"
          key="rarity"
          sortDirection={false}
        >
          <WithStyles(ForwardRef(TableSortLabel))
            active={false}
            direction="asc"
            onClick={[Function]}
          >
            Rarity
          </WithStyles(ForwardRef(TableSortLabel))>
        </WithStyles(ForwardRef(TableCell))>
        <WithStyles(ForwardRef(TableCell))
          className="makeStyles-smallCell-6"
          key="property"
          sortDirection={false}
        >
          <WithStyles(ForwardRef(TableSortLabel))
            active={false}
            direction="asc"
            onClick={[Function]}
          >
            Property
          </WithStyles(ForwardRef(TableSortLabel))>
        </WithStyles(ForwardRef(TableCell))>
        <WithStyles(ForwardRef(TableCell))
          className="makeStyles-smallCell-6"
          key="cost"
          sortDirection={false}
        >
          <WithStyles(ForwardRef(TableSortLabel))
            active={false}
            direction="asc"
            onClick={[Function]}
          >
            Cost
          </WithStyles(ForwardRef(TableSortLabel))>
        </WithStyles(ForwardRef(TableCell))>
        <WithStyles(ForwardRef(TableCell))
          className="makeStyles-smallCell-6"
          key="military"
          sortDirection={false}
        >
          <WithStyles(ForwardRef(TableSortLabel))
            active={false}
            direction="asc"
            onClick={[Function]}
          >
            Military
          </WithStyles(ForwardRef(TableSortLabel))>
        </WithStyles(ForwardRef(TableCell))>
        <WithStyles(ForwardRef(TableCell))
          className="makeStyles-smallCell-6"
          key="job"
          sortDirection={false}
        >
          <WithStyles(ForwardRef(TableSortLabel))
            active={false}
            direction="asc"
            onClick={[Function]}
          >
            Job
          </WithStyles(ForwardRef(TableSortLabel))>
        </WithStyles(ForwardRef(TableCell))>
        <WithStyles(ForwardRef(TableCell))
          className="makeStyles-smallCell-6"
          key="finalAtk"
          sortDirection={false}
        >
          <WithStyles(ForwardRef(TableSortLabel))
            active={false}
            direction="asc"
            onClick={[Function]}
          >
            Atk
          </WithStyles(ForwardRef(TableSortLabel))>
        </WithStyles(ForwardRef(TableCell))>
        <WithStyles(ForwardRef(TableCell))
          className="makeStyles-smallCell-6"
          key="finalDef"
          sortDirection={false}
        >
          <WithStyles(ForwardRef(TableSortLabel))
            active={false}
            direction="asc"
            onClick={[Function]}
          >
            Def
          </WithStyles(ForwardRef(TableSortLabel))>
        </WithStyles(ForwardRef(TableCell))>
        <WithStyles(ForwardRef(TableCell))
          className="makeStyles-smallCell-6"
          key="finalSpd"
          sortDirection={false}
        >
          <WithStyles(ForwardRef(TableSortLabel))
            active={false}
            direction="asc"
            onClick={[Function]}
          >
            Spd
          </WithStyles(ForwardRef(TableSortLabel))>
        </WithStyles(ForwardRef(TableCell))>
        <WithStyles(ForwardRef(TableCell))
          className="makeStyles-smallCell-6"
          key="finalVir"
          sortDirection={false}
        >
          <WithStyles(ForwardRef(TableSortLabel))
            active={false}
            direction="asc"
            onClick={[Function]}
          >
            Vir
          </WithStyles(ForwardRef(TableSortLabel))>
        </WithStyles(ForwardRef(TableCell))>
        <WithStyles(ForwardRef(TableCell))
          className="makeStyles-smallCell-6"
          key="finalStg"
          sortDirection={false}
        >
          <WithStyles(ForwardRef(TableSortLabel))
            active={false}
            direction="asc"
            onClick={[Function]}
          >
            Stg
          </WithStyles(ForwardRef(TableSortLabel))>
        </WithStyles(ForwardRef(TableCell))>
      </WithStyles(ForwardRef(TableRow))>
    </WithStyles(ForwardRef(TableHead))>
    <WithStyles(ForwardRef(TableBody))>
      <WithStyles(ForwardRef(TableRow))
        hover={true}
        key="3"
      >
        <WithStyles(ForwardRef(TableCell))>
          1001
        </WithStyles(ForwardRef(TableCell))>
        <WithStyles(ForwardRef(TableCell))>
          <WithStyles(ForwardRef(Avatar))
            className="makeStyles-faceImg-7"
            src="http://210.140.157.168/img/card/still/character_still_00034_2067324248.png"
            variant="square"
          />
        </WithStyles(ForwardRef(TableCell))>
        <WithStyles(ForwardRef(TableCell))>
          上杉ニャンしん
        </WithStyles(ForwardRef(TableCell))>
        <WithStyles(ForwardRef(TableCell))>
          極
        </WithStyles(ForwardRef(TableCell))>
        <WithStyles(ForwardRef(TableCell))>
          火
        </WithStyles(ForwardRef(TableCell))>
        <WithStyles(ForwardRef(TableCell))>
          3
        </WithStyles(ForwardRef(TableCell))>
        <WithStyles(ForwardRef(TableCell))>
          騎馬
        </WithStyles(ForwardRef(TableCell))>
        <WithStyles(ForwardRef(TableCell))>
          武士
        </WithStyles(ForwardRef(TableCell))>
        <WithStyles(ForwardRef(TableCell))>
          197
        </WithStyles(ForwardRef(TableCell))>
        <WithStyles(ForwardRef(TableCell))>
          140
        </WithStyles(ForwardRef(TableCell))>
        <WithStyles(ForwardRef(TableCell))>
          164
        </WithStyles(ForwardRef(TableCell))>
        <WithStyles(ForwardRef(TableCell))>
          142
        </WithStyles(ForwardRef(TableCell))>
        <WithStyles(ForwardRef(TableCell))>
          166
        </WithStyles(ForwardRef(TableCell))>
      </WithStyles(ForwardRef(TableRow))>
      <WithStyles(ForwardRef(TableRow))
        hover={true}
        key="4"
      >
        <WithStyles(ForwardRef(TableCell))>
          1002
        </WithStyles(ForwardRef(TableCell))>
        <WithStyles(ForwardRef(TableCell))>
          <WithStyles(ForwardRef(Avatar))
            className="makeStyles-faceImg-7"
            src="http://210.140.157.168/img/card/still/character_still_00040_1306553348.png"
            variant="square"
          />
        </WithStyles(ForwardRef(TableCell))>
        <WithStyles(ForwardRef(TableCell))>
          おミーちの方
        </WithStyles(ForwardRef(TableCell))>
        <WithStyles(ForwardRef(TableCell))>
          極
        </WithStyles(ForwardRef(TableCell))>
        <WithStyles(ForwardRef(TableCell))>
          水
        </WithStyles(ForwardRef(TableCell))>
        <WithStyles(ForwardRef(TableCell))>
          3
        </WithStyles(ForwardRef(TableCell))>
        <WithStyles(ForwardRef(TableCell))>
          足軽
        </WithStyles(ForwardRef(TableCell))>
        <WithStyles(ForwardRef(TableCell))>
          姫
        </WithStyles(ForwardRef(TableCell))>
        <WithStyles(ForwardRef(TableCell))>
          144
        </WithStyles(ForwardRef(TableCell))>
        <WithStyles(ForwardRef(TableCell))>
          164
        </WithStyles(ForwardRef(TableCell))>
        <WithStyles(ForwardRef(TableCell))>
          162
        </WithStyles(ForwardRef(TableCell))>
        <WithStyles(ForwardRef(TableCell))>
          198
        </WithStyles(ForwardRef(TableCell))>
        <WithStyles(ForwardRef(TableCell))>
          143
        </WithStyles(ForwardRef(TableCell))>
      </WithStyles(ForwardRef(TableRow))>
      <WithStyles(ForwardRef(TableRow))
        hover={true}
        key="5"
      >
        <WithStyles(ForwardRef(TableCell))>
          1003
        </WithStyles(ForwardRef(TableCell))>
        <WithStyles(ForwardRef(TableCell))>
          <WithStyles(ForwardRef(Avatar))
            className="makeStyles-faceImg-7"
            src="http://210.140.157.168/img/card/still/character_still_00050_2564820845.png"
            variant="square"
          />
        </WithStyles(ForwardRef(TableCell))>
        <WithStyles(ForwardRef(TableCell))>
          織田のぶニャが
        </WithStyles(ForwardRef(TableCell))>
        <WithStyles(ForwardRef(TableCell))>
          極
        </WithStyles(ForwardRef(TableCell))>
        <WithStyles(ForwardRef(TableCell))>
          火
        </WithStyles(ForwardRef(TableCell))>
        <WithStyles(ForwardRef(TableCell))>
          3
        </WithStyles(ForwardRef(TableCell))>
        <WithStyles(ForwardRef(TableCell))>
          鉄砲
        </WithStyles(ForwardRef(TableCell))>
        <WithStyles(ForwardRef(TableCell))>
          武士
        </WithStyles(ForwardRef(TableCell))>
        <WithStyles(ForwardRef(TableCell))>
          186
        </WithStyles(ForwardRef(TableCell))>
        <WithStyles(ForwardRef(TableCell))>
          166
        </WithStyles(ForwardRef(TableCell))>
        <WithStyles(ForwardRef(TableCell))>
          162
        </WithStyles(ForwardRef(TableCell))>
        <WithStyles(ForwardRef(TableCell))>
          137
        </WithStyles(ForwardRef(TableCell))>
        <WithStyles(ForwardRef(TableCell))>
          158
        </WithStyles(ForwardRef(TableCell))>
      </WithStyles(ForwardRef(TableRow))>
      <WithStyles(ForwardRef(TableRow))
        hover={true}
        key="7"
      >
        <WithStyles(ForwardRef(TableCell))>
          1004
        </WithStyles(ForwardRef(TableCell))>
        <WithStyles(ForwardRef(TableCell))>
          <WithStyles(ForwardRef(Avatar))
            className="makeStyles-faceImg-7"
            src="http://210.140.157.168/img/card/still/character_still_00100_142767575.png"
            variant="square"
          />
        </WithStyles(ForwardRef(TableCell))>
        <WithStyles(ForwardRef(TableCell))>
          さニャだ幸村
        </WithStyles(ForwardRef(TableCell))>
        <WithStyles(ForwardRef(TableCell))>
          極
        </WithStyles(ForwardRef(TableCell))>
        <WithStyles(ForwardRef(TableCell))>
          火
        </WithStyles(ForwardRef(TableCell))>
        <WithStyles(ForwardRef(TableCell))>
          2.5
        </WithStyles(ForwardRef(TableCell))>
        <WithStyles(ForwardRef(TableCell))>
          騎馬
        </WithStyles(ForwardRef(TableCell))>
        <WithStyles(ForwardRef(TableCell))>
          武士
        </WithStyles(ForwardRef(TableCell))>
        <WithStyles(ForwardRef(TableCell))>
          184
        </WithStyles(ForwardRef(TableCell))>
        <WithStyles(ForwardRef(TableCell))>
          115
        </WithStyles(ForwardRef(TableCell))>
        <WithStyles(ForwardRef(TableCell))>
          117
        </WithStyles(ForwardRef(TableCell))>
        <WithStyles(ForwardRef(TableCell))>
          135
        </WithStyles(ForwardRef(TableCell))>
        <WithStyles(ForwardRef(TableCell))>
          130
        </WithStyles(ForwardRef(TableCell))>
      </WithStyles(ForwardRef(TableRow))>
      <WithStyles(ForwardRef(TableRow))
        hover={true}
        key="8"
      >
        <WithStyles(ForwardRef(TableCell))>
          1005
        </WithStyles(ForwardRef(TableCell))>
        <WithStyles(ForwardRef(TableCell))>
          <WithStyles(ForwardRef(Avatar))
            className="makeStyles-faceImg-7"
            src="http://210.140.157.168/img/card/still/character_still_00109_1467951905.png"
            variant="square"
          />
        </WithStyles(ForwardRef(TableCell))>
        <WithStyles(ForwardRef(TableCell))>
          シャムづ義弘
        </WithStyles(ForwardRef(TableCell))>
        <WithStyles(ForwardRef(TableCell))>
          極
        </WithStyles(ForwardRef(TableCell))>
        <WithStyles(ForwardRef(TableCell))>
          地
        </WithStyles(ForwardRef(TableCell))>
        <WithStyles(ForwardRef(TableCell))>
          3
        </WithStyles(ForwardRef(TableCell))>
        <WithStyles(ForwardRef(TableCell))>
          騎馬
        </WithStyles(ForwardRef(TableCell))>
        <WithStyles(ForwardRef(TableCell))>
          武士
        </WithStyles(ForwardRef(TableCell))>
        <WithStyles(ForwardRef(TableCell))>
          180
        </WithStyles(ForwardRef(TableCell))>
        <WithStyles(ForwardRef(TableCell))>
          193
        </WithStyles(ForwardRef(TableCell))>
        <WithStyles(ForwardRef(TableCell))>
          149
        </WithStyles(ForwardRef(TableCell))>
        <WithStyles(ForwardRef(TableCell))>
          131
        </WithStyles(ForwardRef(TableCell))>
        <WithStyles(ForwardRef(TableCell))>
          157
        </WithStyles(ForwardRef(TableCell))>
      </WithStyles(ForwardRef(TableRow))>
    </WithStyles(ForwardRef(TableBody))>
  </WithStyles(ForwardRef(Table))>
</WithStyles(ForwardRef(TableContainer))>
`;
